#-----------------------------------------------------------
# Webtalk v2017.3 (64-bit)
# SW Build 2018833 on Wed Oct  4 19:58:07 MDT 2017
# IP Build 2016188 on Wed Oct  4 21:52:56 MDT 2017
# Start of session at: Wed Feb  7 21:16:09 2018
# Process ID: 27060
# Current directory: /home/ecelrc/students/agroszewski/arch18/vivado/axi_vip_0_ex/axi_vip_0_ex.sim/sim_adv_mst_active__pt_passive__slv_comb/behav/xsim
# Command line: wbtcv -mode batch -source /home/ecelrc/students/agroszewski/arch18/vivado/axi_vip_0_ex/axi_vip_0_ex.sim/sim_adv_mst_active__pt_passive__slv_comb/behav/xsim/xsim.dir/axi_vip_0_exdes_adv_mst_active__pt_passive__slv_comb_behav/webtalk/xsim_webtalk.tcl -notrace
# Log file: /home/ecelrc/students/agroszewski/arch18/vivado/axi_vip_0_ex/axi_vip_0_ex.sim/sim_adv_mst_active__pt_passive__slv_comb/behav/xsim/webtalk.log
# Journal file: /home/ecelrc/students/agroszewski/arch18/vivado/axi_vip_0_ex/axi_vip_0_ex.sim/sim_adv_mst_active__pt_passive__slv_comb/behav/xsim/webtalk.jou
#-----------------------------------------------------------
source /home/ecelrc/students/agroszewski/arch18/vivado/axi_vip_0_ex/axi_vip_0_ex.sim/sim_adv_mst_active__pt_passive__slv_comb/behav/xsim/xsim.dir/axi_vip_0_exdes_adv_mst_active__pt_passive__slv_comb_behav/webtalk/xsim_webtalk.tcl -notrace
